
> web-portal@0.1.0 build
> next build

node.exe : ΓÜá Warning: Next.js inferred 
your workspace root, but it may not be 
correct.
At C:\Program Files\nodejs\npm.ps1:29 
char:3
+   & $NODE_EXE $NPM_CLI_JS $args
+   ~~~~~~~~~~~~~~~~~~~~~~~~~~~~~
    + CategoryInfo          : NotSpecifi 
   ed: (ΓÜá Warning: Ne...not be correc  
  t.:String) [], RemoteException
    + FullyQualifiedErrorId : NativeComm 
   andError
 
 We detected multiple lockfiles and 
selected the directory of 
C:\Users\abhinav\package-lock.json as 
the root directory.
 To silence this warning, set 
`turbopack.root` in your Next.js config, 
or consider removing one of the 
lockfiles if it's not needed.
   See https://nextjs.org/docs/app/api-re
ference/config/next-config-js/turbopack#r
oot-directory for more information.
 Detected additional lockfiles: 
   * C:\Users\abhinav\Desktop\CyberSentry
y\package-lock.json

Γû▓ Next.js 16.1.7 (Turbopack)
- Environments: .env
- Experiments (use with caution):
  ┬╖ serverActions

  Creating an optimized production build ...
Γ£ô Compiled successfully in 7.7s
  Running TypeScript ...
Failed to compile.

./src/app/cases/page.tsx:68:92
Type error: Parameter 'payload' 
implicitly has an 'any' type.

[0m [90m 66 |[39m             
[36mconst[39m channel [33m=[39m 
supabase
 [90m 67 |[39m                 [33m.[
39mchannel([32m"public:cases"[39m)
[31m[1m>[22m[39m[90m 68 |[39m      
           [33m.[39mon([32m"postgres_c
hanges"[39m[33m,[39m { 
event[33m:[39m 
[32m"*"[39m[33m,[39m 
schema[33m:[39m 
[32m"public"[39m[33m,[39m 
table[33m:[39m [32m"cases"[39m 
}[33m,[39m (payload) [33m=>[39m {
 [90m    |[39m                         
                                         
                          
[31m[1m^[22m[39m
 [90m 69 |[39m                     
fetchCases()[33m;[39m
 [90m 70 |[39m                 })
 [90m 71 |[39m                 
[33m.[39msubscribe()[33m;[39m[0m
Next.js build worker exited with code: 1 
and signal: null
